// Jest Snapshot v1, https://goo.gl/fbAQLP

exports[`Test 404 page 1`] = `
<DocumentFragment>
  <div>
    <h2>
      404!
    </h2>
    <ul>
      <li>
        <a
          href="/"
        >
          Login
        </a>
      </li>
      <li>
        <a
          href="/app/dashboard"
        >
          Dashboard
        </a>
      </li>
    </ul>
  </div>
</DocumentFragment>
`;
