// Jest Snapshot v1, https://goo.gl/fbAQLP

exports[`Test expense list item 1`] = `
<DocumentFragment>
  <a
    class="expense-list-body-item"
    href="/app/edit/abc123"
  >
    <div>
      <h3
        class="expense-list-body-item__title"
      >
        b test description details
      </h3>
      <span
        class="expense-list-body-item__date"
      >
        2022/08/01
      </span>
    </div>
    <div>
      <h3
        class="expense-list-body-item__amount"
      >
        $140.00
      </h3>
    </div>
  </a>
</DocumentFragment>
`;
