// Jest Snapshot v1, https://goo.gl/fbAQLP

exports[`Filtering, Sorting etc Amount Ascending 1`] = `
<DocumentFragment>
  <div>
    <input
      type="text"
      value=""
    />
    <select
      data-testid="select"
    >
      <option
        data-testid="select-option"
        value="date"
      >
        Date
      </option>
      <option
        data-testid="select-option"
        value="amount"
      >
        Amount
      </option>
      <option
        data-testid="select-option"
        value="description"
      >
        Description
      </option>
    </select>
    <button>
      Ascending
    </button>
    <div
      class="react-daterange-picker react-daterange-picker--closed react-daterange-picker--enabled"
    >
      <div
        class="react-daterange-picker__wrapper"
      >
        <div
          class="react-daterange-picker__inputGroup"
        >
          <input
            aria-label="Date Range"
            max="275760-09-13"
            min="0001-01-01"
            name="daterange_from"
            style="visibility: hidden; position: absolute; z-index: -999;"
            type="date"
            value=""
          />
          <input
            autocomplete="off"
            class="react-daterange-picker__inputGroup__input react-daterange-picker__inputGroup__year"
            data-input="true"
            inputmode="numeric"
            max="275760"
            min="1"
            name="year"
            placeholder="----"
            step="1"
            style="width: 16px;"
            type="number"
            value=""
          />
          <span
            class="react-date-picker__inputGroup__divider"
          >
            /
          </span>
          <input
            aria-label="Month"
            autocomplete="off"
            class="react-daterange-picker__inputGroup__input react-daterange-picker__inputGroup__month"
            data-input="true"
            inputmode="numeric"
            max="12"
            min="1"
            name="month"
            placeholder="--"
            style="width: 8px;"
            type="number"
            value=""
          />
          <span
            class="react-date-picker__inputGroup__divider"
          >
            /
          </span>
          <input
            aria-label="Day"
            autocomplete="off"
            class="react-daterange-picker__inputGroup__input react-daterange-picker__inputGroup__day"
            data-input="true"
            inputmode="numeric"
            max="31"
            min="1"
            name="day"
            placeholder="--"
            style="width: 8px;"
            type="number"
            value=""
          />
        </div>
        <span
          class="react-daterange-picker__range-divider"
        >
          –
        </span>
        <div
          class="react-daterange-picker__inputGroup"
        >
          <input
            aria-label="Date Range"
            max="275760-09-13"
            min="0001-01-01"
            name="daterange_to"
            style="visibility: hidden; position: absolute; z-index: -999;"
            type="date"
            value=""
          />
          <input
            autocomplete="off"
            class="react-daterange-picker__inputGroup__input react-daterange-picker__inputGroup__year"
            data-input="true"
            inputmode="numeric"
            max="275760"
            min="1"
            name="year"
            placeholder="----"
            step="1"
            style="width: 16px;"
            type="number"
            value=""
          />
          <span
            class="react-date-picker__inputGroup__divider"
          >
            /
          </span>
          <input
            aria-label="Month"
            autocomplete="off"
            class="react-daterange-picker__inputGroup__input react-daterange-picker__inputGroup__month"
            data-input="true"
            inputmode="numeric"
            max="12"
            min="1"
            name="month"
            placeholder="--"
            style="width: 8px;"
            type="number"
            value=""
          />
          <span
            class="react-date-picker__inputGroup__divider"
          >
            /
          </span>
          <input
            aria-label="Day"
            autocomplete="off"
            class="react-daterange-picker__inputGroup__input react-daterange-picker__inputGroup__day"
            data-input="true"
            inputmode="numeric"
            max="31"
            min="1"
            name="day"
            placeholder="--"
            style="width: 8px;"
            type="number"
            value=""
          />
        </div>
        <button
          aria-label="Clear value"
          class="react-daterange-picker__clear-button react-daterange-picker__button"
          type="button"
        >
          <svg
            class="react-daterange-picker__clear-button__icon react-daterange-picker__button__icon"
            height="19"
            stroke="black"
            stroke-width="2"
            viewBox="0 0 19 19"
            width="19"
            xmlns="http://www.w3.org/2000/svg"
          >
            <line
              x1="4"
              x2="15"
              y1="4"
              y2="15"
            />
            <line
              x1="15"
              x2="4"
              y1="4"
              y2="15"
            />
          </svg>
        </button>
        <button
          aria-label="Toggle calendar"
          class="react-daterange-picker__calendar-button react-daterange-picker__button"
          type="button"
        >
          <svg
            class="react-daterange-picker__calendar-button__icon react-daterange-picker__button__icon"
            height="19"
            stroke="black"
            stroke-width="2"
            viewBox="0 0 19 19"
            width="19"
            xmlns="http://www.w3.org/2000/svg"
          >
            <rect
              fill="none"
              height="15"
              width="15"
              x="2"
              y="2"
            />
            <line
              x1="6"
              x2="6"
              y1="0"
              y2="4"
            />
            <line
              x1="13"
              x2="13"
              y1="0"
              y2="4"
            />
          </svg>
        </button>
      </div>
    </div>
  </div>
  <div>
    <h4>
      Expenses:
    </h4>
    <h5>
      3 expenses shown, totalling $390.00
    </h5>
    <div>
      c test details - $120.00 on 2022/08/05T00:00
      <span>
         
      </span>
      <button>
        edit
      </button>
    </div>
    <div>
      a test details - $130.00 on 2022/08/03T00:00
      <span>
         
      </span>
      <button>
        edit
      </button>
    </div>
    <div>
      b test description details - $140.00 on 2022/08/01T00:00
      <span>
         
      </span>
      <button>
        edit
      </button>
    </div>
  </div>
</DocumentFragment>
`;

exports[`Filtering, Sorting etc Amount Descending 1`] = `
<DocumentFragment>
  <div>
    <input
      type="text"
      value=""
    />
    <select
      data-testid="select"
    >
      <option
        data-testid="select-option"
        value="date"
      >
        Date
      </option>
      <option
        data-testid="select-option"
        value="amount"
      >
        Amount
      </option>
      <option
        data-testid="select-option"
        value="description"
      >
        Description
      </option>
    </select>
    <button>
      Descending
    </button>
    <div
      class="react-daterange-picker react-daterange-picker--closed react-daterange-picker--enabled"
    >
      <div
        class="react-daterange-picker__wrapper"
      >
        <div
          class="react-daterange-picker__inputGroup"
        >
          <input
            aria-label="Date Range"
            max="275760-09-13"
            min="0001-01-01"
            name="daterange_from"
            style="visibility: hidden; position: absolute; z-index: -999;"
            type="date"
            value=""
          />
          <input
            autocomplete="off"
            class="react-daterange-picker__inputGroup__input react-daterange-picker__inputGroup__year"
            data-input="true"
            inputmode="numeric"
            max="275760"
            min="1"
            name="year"
            placeholder="----"
            step="1"
            style="width: 16px;"
            type="number"
            value=""
          />
          <span
            class="react-date-picker__inputGroup__divider"
          >
            /
          </span>
          <input
            aria-label="Month"
            autocomplete="off"
            class="react-daterange-picker__inputGroup__input react-daterange-picker__inputGroup__month"
            data-input="true"
            inputmode="numeric"
            max="12"
            min="1"
            name="month"
            placeholder="--"
            style="width: 8px;"
            type="number"
            value=""
          />
          <span
            class="react-date-picker__inputGroup__divider"
          >
            /
          </span>
          <input
            aria-label="Day"
            autocomplete="off"
            class="react-daterange-picker__inputGroup__input react-daterange-picker__inputGroup__day"
            data-input="true"
            inputmode="numeric"
            max="31"
            min="1"
            name="day"
            placeholder="--"
            style="width: 8px;"
            type="number"
            value=""
          />
        </div>
        <span
          class="react-daterange-picker__range-divider"
        >
          –
        </span>
        <div
          class="react-daterange-picker__inputGroup"
        >
          <input
            aria-label="Date Range"
            max="275760-09-13"
            min="0001-01-01"
            name="daterange_to"
            style="visibility: hidden; position: absolute; z-index: -999;"
            type="date"
            value=""
          />
          <input
            autocomplete="off"
            class="react-daterange-picker__inputGroup__input react-daterange-picker__inputGroup__year"
            data-input="true"
            inputmode="numeric"
            max="275760"
            min="1"
            name="year"
            placeholder="----"
            step="1"
            style="width: 16px;"
            type="number"
            value=""
          />
          <span
            class="react-date-picker__inputGroup__divider"
          >
            /
          </span>
          <input
            aria-label="Month"
            autocomplete="off"
            class="react-daterange-picker__inputGroup__input react-daterange-picker__inputGroup__month"
            data-input="true"
            inputmode="numeric"
            max="12"
            min="1"
            name="month"
            placeholder="--"
            style="width: 8px;"
            type="number"
            value=""
          />
          <span
            class="react-date-picker__inputGroup__divider"
          >
            /
          </span>
          <input
            aria-label="Day"
            autocomplete="off"
            class="react-daterange-picker__inputGroup__input react-daterange-picker__inputGroup__day"
            data-input="true"
            inputmode="numeric"
            max="31"
            min="1"
            name="day"
            placeholder="--"
            style="width: 8px;"
            type="number"
            value=""
          />
        </div>
        <button
          aria-label="Clear value"
          class="react-daterange-picker__clear-button react-daterange-picker__button"
          type="button"
        >
          <svg
            class="react-daterange-picker__clear-button__icon react-daterange-picker__button__icon"
            height="19"
            stroke="black"
            stroke-width="2"
            viewBox="0 0 19 19"
            width="19"
            xmlns="http://www.w3.org/2000/svg"
          >
            <line
              x1="4"
              x2="15"
              y1="4"
              y2="15"
            />
            <line
              x1="15"
              x2="4"
              y1="4"
              y2="15"
            />
          </svg>
        </button>
        <button
          aria-label="Toggle calendar"
          class="react-daterange-picker__calendar-button react-daterange-picker__button"
          type="button"
        >
          <svg
            class="react-daterange-picker__calendar-button__icon react-daterange-picker__button__icon"
            height="19"
            stroke="black"
            stroke-width="2"
            viewBox="0 0 19 19"
            width="19"
            xmlns="http://www.w3.org/2000/svg"
          >
            <rect
              fill="none"
              height="15"
              width="15"
              x="2"
              y="2"
            />
            <line
              x1="6"
              x2="6"
              y1="0"
              y2="4"
            />
            <line
              x1="13"
              x2="13"
              y1="0"
              y2="4"
            />
          </svg>
        </button>
      </div>
    </div>
  </div>
  <div>
    <h4>
      Expenses:
    </h4>
    <h5>
      3 expenses shown, totalling $390.00
    </h5>
    <div>
      b test description details - $140.00 on 2022/08/01T00:00
      <span>
         
      </span>
      <button>
        edit
      </button>
    </div>
    <div>
      a test details - $130.00 on 2022/08/03T00:00
      <span>
         
      </span>
      <button>
        edit
      </button>
    </div>
    <div>
      c test details - $120.00 on 2022/08/05T00:00
      <span>
         
      </span>
      <button>
        edit
      </button>
    </div>
  </div>
</DocumentFragment>
`;

exports[`Filtering, Sorting etc Date Ascending 1`] = `
<DocumentFragment>
  <div>
    <input
      type="text"
      value=""
    />
    <select
      data-testid="select"
    >
      <option
        data-testid="select-option"
        value="date"
      >
        Date
      </option>
      <option
        data-testid="select-option"
        value="amount"
      >
        Amount
      </option>
      <option
        data-testid="select-option"
        value="description"
      >
        Description
      </option>
    </select>
    <button>
      Ascending
    </button>
    <div
      class="react-daterange-picker react-daterange-picker--closed react-daterange-picker--enabled"
    >
      <div
        class="react-daterange-picker__wrapper"
      >
        <div
          class="react-daterange-picker__inputGroup"
        >
          <input
            aria-label="Date Range"
            max="275760-09-13"
            min="0001-01-01"
            name="daterange_from"
            style="visibility: hidden; position: absolute; z-index: -999;"
            type="date"
            value=""
          />
          <input
            autocomplete="off"
            class="react-daterange-picker__inputGroup__input react-daterange-picker__inputGroup__year"
            data-input="true"
            inputmode="numeric"
            max="275760"
            min="1"
            name="year"
            placeholder="----"
            step="1"
            style="width: 16px;"
            type="number"
            value=""
          />
          <span
            class="react-date-picker__inputGroup__divider"
          >
            /
          </span>
          <input
            aria-label="Month"
            autocomplete="off"
            class="react-daterange-picker__inputGroup__input react-daterange-picker__inputGroup__month"
            data-input="true"
            inputmode="numeric"
            max="12"
            min="1"
            name="month"
            placeholder="--"
            style="width: 8px;"
            type="number"
            value=""
          />
          <span
            class="react-date-picker__inputGroup__divider"
          >
            /
          </span>
          <input
            aria-label="Day"
            autocomplete="off"
            class="react-daterange-picker__inputGroup__input react-daterange-picker__inputGroup__day"
            data-input="true"
            inputmode="numeric"
            max="31"
            min="1"
            name="day"
            placeholder="--"
            style="width: 8px;"
            type="number"
            value=""
          />
        </div>
        <span
          class="react-daterange-picker__range-divider"
        >
          –
        </span>
        <div
          class="react-daterange-picker__inputGroup"
        >
          <input
            aria-label="Date Range"
            max="275760-09-13"
            min="0001-01-01"
            name="daterange_to"
            style="visibility: hidden; position: absolute; z-index: -999;"
            type="date"
            value=""
          />
          <input
            autocomplete="off"
            class="react-daterange-picker__inputGroup__input react-daterange-picker__inputGroup__year"
            data-input="true"
            inputmode="numeric"
            max="275760"
            min="1"
            name="year"
            placeholder="----"
            step="1"
            style="width: 16px;"
            type="number"
            value=""
          />
          <span
            class="react-date-picker__inputGroup__divider"
          >
            /
          </span>
          <input
            aria-label="Month"
            autocomplete="off"
            class="react-daterange-picker__inputGroup__input react-daterange-picker__inputGroup__month"
            data-input="true"
            inputmode="numeric"
            max="12"
            min="1"
            name="month"
            placeholder="--"
            style="width: 8px;"
            type="number"
            value=""
          />
          <span
            class="react-date-picker__inputGroup__divider"
          >
            /
          </span>
          <input
            aria-label="Day"
            autocomplete="off"
            class="react-daterange-picker__inputGroup__input react-daterange-picker__inputGroup__day"
            data-input="true"
            inputmode="numeric"
            max="31"
            min="1"
            name="day"
            placeholder="--"
            style="width: 8px;"
            type="number"
            value=""
          />
        </div>
        <button
          aria-label="Clear value"
          class="react-daterange-picker__clear-button react-daterange-picker__button"
          type="button"
        >
          <svg
            class="react-daterange-picker__clear-button__icon react-daterange-picker__button__icon"
            height="19"
            stroke="black"
            stroke-width="2"
            viewBox="0 0 19 19"
            width="19"
            xmlns="http://www.w3.org/2000/svg"
          >
            <line
              x1="4"
              x2="15"
              y1="4"
              y2="15"
            />
            <line
              x1="15"
              x2="4"
              y1="4"
              y2="15"
            />
          </svg>
        </button>
        <button
          aria-label="Toggle calendar"
          class="react-daterange-picker__calendar-button react-daterange-picker__button"
          type="button"
        >
          <svg
            class="react-daterange-picker__calendar-button__icon react-daterange-picker__button__icon"
            height="19"
            stroke="black"
            stroke-width="2"
            viewBox="0 0 19 19"
            width="19"
            xmlns="http://www.w3.org/2000/svg"
          >
            <rect
              fill="none"
              height="15"
              width="15"
              x="2"
              y="2"
            />
            <line
              x1="6"
              x2="6"
              y1="0"
              y2="4"
            />
            <line
              x1="13"
              x2="13"
              y1="0"
              y2="4"
            />
          </svg>
        </button>
      </div>
    </div>
  </div>
  <div>
    <h4>
      Expenses:
    </h4>
    <h5>
      3 expenses shown, totalling $390.00
    </h5>
    <div>
      b test description details - $140.00 on 2022/08/01T00:00
      <span>
         
      </span>
      <button>
        edit
      </button>
    </div>
    <div>
      a test details - $130.00 on 2022/08/03T00:00
      <span>
         
      </span>
      <button>
        edit
      </button>
    </div>
    <div>
      c test details - $120.00 on 2022/08/05T00:00
      <span>
         
      </span>
      <button>
        edit
      </button>
    </div>
  </div>
</DocumentFragment>
`;

exports[`Filtering, Sorting etc Date Descending 1`] = `
<DocumentFragment>
  <div>
    <input
      type="text"
      value=""
    />
    <select
      data-testid="select"
    >
      <option
        data-testid="select-option"
        value="date"
      >
        Date
      </option>
      <option
        data-testid="select-option"
        value="amount"
      >
        Amount
      </option>
      <option
        data-testid="select-option"
        value="description"
      >
        Description
      </option>
    </select>
    <button>
      Descending
    </button>
    <div
      class="react-daterange-picker react-daterange-picker--closed react-daterange-picker--enabled"
    >
      <div
        class="react-daterange-picker__wrapper"
      >
        <div
          class="react-daterange-picker__inputGroup"
        >
          <input
            aria-label="Date Range"
            max="275760-09-13"
            min="0001-01-01"
            name="daterange_from"
            style="visibility: hidden; position: absolute; z-index: -999;"
            type="date"
            value=""
          />
          <input
            autocomplete="off"
            class="react-daterange-picker__inputGroup__input react-daterange-picker__inputGroup__year"
            data-input="true"
            inputmode="numeric"
            max="275760"
            min="1"
            name="year"
            placeholder="----"
            step="1"
            style="width: 16px;"
            type="number"
            value=""
          />
          <span
            class="react-date-picker__inputGroup__divider"
          >
            /
          </span>
          <input
            aria-label="Month"
            autocomplete="off"
            class="react-daterange-picker__inputGroup__input react-daterange-picker__inputGroup__month"
            data-input="true"
            inputmode="numeric"
            max="12"
            min="1"
            name="month"
            placeholder="--"
            style="width: 8px;"
            type="number"
            value=""
          />
          <span
            class="react-date-picker__inputGroup__divider"
          >
            /
          </span>
          <input
            aria-label="Day"
            autocomplete="off"
            class="react-daterange-picker__inputGroup__input react-daterange-picker__inputGroup__day"
            data-input="true"
            inputmode="numeric"
            max="31"
            min="1"
            name="day"
            placeholder="--"
            style="width: 8px;"
            type="number"
            value=""
          />
        </div>
        <span
          class="react-daterange-picker__range-divider"
        >
          –
        </span>
        <div
          class="react-daterange-picker__inputGroup"
        >
          <input
            aria-label="Date Range"
            max="275760-09-13"
            min="0001-01-01"
            name="daterange_to"
            style="visibility: hidden; position: absolute; z-index: -999;"
            type="date"
            value=""
          />
          <input
            autocomplete="off"
            class="react-daterange-picker__inputGroup__input react-daterange-picker__inputGroup__year"
            data-input="true"
            inputmode="numeric"
            max="275760"
            min="1"
            name="year"
            placeholder="----"
            step="1"
            style="width: 16px;"
            type="number"
            value=""
          />
          <span
            class="react-date-picker__inputGroup__divider"
          >
            /
          </span>
          <input
            aria-label="Month"
            autocomplete="off"
            class="react-daterange-picker__inputGroup__input react-daterange-picker__inputGroup__month"
            data-input="true"
            inputmode="numeric"
            max="12"
            min="1"
            name="month"
            placeholder="--"
            style="width: 8px;"
            type="number"
            value=""
          />
          <span
            class="react-date-picker__inputGroup__divider"
          >
            /
          </span>
          <input
            aria-label="Day"
            autocomplete="off"
            class="react-daterange-picker__inputGroup__input react-daterange-picker__inputGroup__day"
            data-input="true"
            inputmode="numeric"
            max="31"
            min="1"
            name="day"
            placeholder="--"
            style="width: 8px;"
            type="number"
            value=""
          />
        </div>
        <button
          aria-label="Clear value"
          class="react-daterange-picker__clear-button react-daterange-picker__button"
          type="button"
        >
          <svg
            class="react-daterange-picker__clear-button__icon react-daterange-picker__button__icon"
            height="19"
            stroke="black"
            stroke-width="2"
            viewBox="0 0 19 19"
            width="19"
            xmlns="http://www.w3.org/2000/svg"
          >
            <line
              x1="4"
              x2="15"
              y1="4"
              y2="15"
            />
            <line
              x1="15"
              x2="4"
              y1="4"
              y2="15"
            />
          </svg>
        </button>
        <button
          aria-label="Toggle calendar"
          class="react-daterange-picker__calendar-button react-daterange-picker__button"
          type="button"
        >
          <svg
            class="react-daterange-picker__calendar-button__icon react-daterange-picker__button__icon"
            height="19"
            stroke="black"
            stroke-width="2"
            viewBox="0 0 19 19"
            width="19"
            xmlns="http://www.w3.org/2000/svg"
          >
            <rect
              fill="none"
              height="15"
              width="15"
              x="2"
              y="2"
            />
            <line
              x1="6"
              x2="6"
              y1="0"
              y2="4"
            />
            <line
              x1="13"
              x2="13"
              y1="0"
              y2="4"
            />
          </svg>
        </button>
      </div>
    </div>
  </div>
  <div>
    <h4>
      Expenses:
    </h4>
    <h5>
      3 expenses shown, totalling $390.00
    </h5>
    <div>
      c test details - $120.00 on 2022/08/05T00:00
      <span>
         
      </span>
      <button>
        edit
      </button>
    </div>
    <div>
      a test details - $130.00 on 2022/08/03T00:00
      <span>
         
      </span>
      <button>
        edit
      </button>
    </div>
    <div>
      b test description details - $140.00 on 2022/08/01T00:00
      <span>
         
      </span>
      <button>
        edit
      </button>
    </div>
  </div>
</DocumentFragment>
`;

exports[`Filtering, Sorting etc Date Filtering 1`] = `
<DocumentFragment>
  <div>
    <input
      type="text"
      value=""
    />
    <select
      data-testid="select"
    >
      <option
        data-testid="select-option"
        value="date"
      >
        Date
      </option>
      <option
        data-testid="select-option"
        value="amount"
      >
        Amount
      </option>
      <option
        data-testid="select-option"
        value="description"
      >
        Description
      </option>
    </select>
    <button>
      Descending
    </button>
    <div
      class="react-daterange-picker react-daterange-picker--closed react-daterange-picker--enabled"
    >
      <div
        class="react-daterange-picker__wrapper"
      >
        <div
          class="react-daterange-picker__inputGroup"
        >
          <input
            aria-label="Date Range"
            max="275760-09-13"
            min="0001-01-01"
            name="daterange_from"
            style="visibility: hidden; position: absolute; z-index: -999;"
            type="date"
            value="2022-08-02"
          />
          <input
            autocomplete="off"
            class="react-daterange-picker__inputGroup__input react-daterange-picker__inputGroup__year"
            data-input="true"
            inputmode="numeric"
            max="275760"
            min="1"
            name="year"
            placeholder="----"
            step="1"
            style="width: 20px;"
            type="number"
            value="2022"
          />
          <span
            class="react-date-picker__inputGroup__divider"
          >
            /
          </span>
          <span
            class="react-daterange-picker__inputGroup__leadingZero"
          >
            0
          </span>
          <input
            aria-label="Month"
            autocomplete="off"
            class="react-daterange-picker__inputGroup__input react-daterange-picker__inputGroup__month react-daterange-picker__inputGroup__input--hasLeadingZero"
            data-input="true"
            inputmode="numeric"
            max="12"
            min="1"
            name="month"
            placeholder="--"
            style="width: 5px;"
            type="number"
            value="8"
          />
          <span
            class="react-date-picker__inputGroup__divider"
          >
            /
          </span>
          <span
            class="react-daterange-picker__inputGroup__leadingZero"
          >
            0
          </span>
          <input
            aria-label="Day"
            autocomplete="off"
            class="react-daterange-picker__inputGroup__input react-daterange-picker__inputGroup__day react-daterange-picker__inputGroup__input--hasLeadingZero"
            data-input="true"
            inputmode="numeric"
            max="31"
            min="1"
            name="day"
            placeholder="--"
            style="width: 5px;"
            type="number"
            value="2"
          />
        </div>
        <span
          class="react-daterange-picker__range-divider"
        >
          –
        </span>
        <div
          class="react-daterange-picker__inputGroup"
        >
          <input
            aria-label="Date Range"
            max="275760-09-13"
            min="0001-01-01"
            name="daterange_to"
            style="visibility: hidden; position: absolute; z-index: -999;"
            type="date"
            value="2022-08-04"
          />
          <input
            autocomplete="off"
            class="react-daterange-picker__inputGroup__input react-daterange-picker__inputGroup__year"
            data-input="true"
            inputmode="numeric"
            max="275760"
            min="1"
            name="year"
            placeholder="----"
            step="1"
            style="width: 20px;"
            type="number"
            value="2022"
          />
          <span
            class="react-date-picker__inputGroup__divider"
          >
            /
          </span>
          <span
            class="react-daterange-picker__inputGroup__leadingZero"
          >
            0
          </span>
          <input
            aria-label="Month"
            autocomplete="off"
            class="react-daterange-picker__inputGroup__input react-daterange-picker__inputGroup__month react-daterange-picker__inputGroup__input--hasLeadingZero"
            data-input="true"
            inputmode="numeric"
            max="12"
            min="1"
            name="month"
            placeholder="--"
            style="width: 5px;"
            type="number"
            value="8"
          />
          <span
            class="react-date-picker__inputGroup__divider"
          >
            /
          </span>
          <span
            class="react-daterange-picker__inputGroup__leadingZero"
          >
            0
          </span>
          <input
            aria-label="Day"
            autocomplete="off"
            class="react-daterange-picker__inputGroup__input react-daterange-picker__inputGroup__day react-daterange-picker__inputGroup__input--hasLeadingZero"
            data-input="true"
            inputmode="numeric"
            max="31"
            min="1"
            name="day"
            placeholder="--"
            style="width: 5px;"
            type="number"
            value="4"
          />
        </div>
        <button
          aria-label="Clear value"
          class="react-daterange-picker__clear-button react-daterange-picker__button"
          type="button"
        >
          <svg
            class="react-daterange-picker__clear-button__icon react-daterange-picker__button__icon"
            height="19"
            stroke="black"
            stroke-width="2"
            viewBox="0 0 19 19"
            width="19"
            xmlns="http://www.w3.org/2000/svg"
          >
            <line
              x1="4"
              x2="15"
              y1="4"
              y2="15"
            />
            <line
              x1="15"
              x2="4"
              y1="4"
              y2="15"
            />
          </svg>
        </button>
        <button
          aria-label="Toggle calendar"
          class="react-daterange-picker__calendar-button react-daterange-picker__button"
          type="button"
        >
          <svg
            class="react-daterange-picker__calendar-button__icon react-daterange-picker__button__icon"
            height="19"
            stroke="black"
            stroke-width="2"
            viewBox="0 0 19 19"
            width="19"
            xmlns="http://www.w3.org/2000/svg"
          >
            <rect
              fill="none"
              height="15"
              width="15"
              x="2"
              y="2"
            />
            <line
              x1="6"
              x2="6"
              y1="0"
              y2="4"
            />
            <line
              x1="13"
              x2="13"
              y1="0"
              y2="4"
            />
          </svg>
        </button>
      </div>
    </div>
  </div>
  <div>
    <h4>
      Expenses:
    </h4>
    <h5>
      1 expense shown, totalling $130.00
    </h5>
    <div>
      a test details - $130.00 on 2022/08/03T00:00
      <span>
         
      </span>
      <button>
        edit
      </button>
    </div>
  </div>
</DocumentFragment>
`;

exports[`Filtering, Sorting etc Description Ascending 1`] = `
<DocumentFragment>
  <div>
    <input
      type="text"
      value=""
    />
    <select
      data-testid="select"
    >
      <option
        data-testid="select-option"
        value="date"
      >
        Date
      </option>
      <option
        data-testid="select-option"
        value="amount"
      >
        Amount
      </option>
      <option
        data-testid="select-option"
        value="description"
      >
        Description
      </option>
    </select>
    <button>
      Ascending
    </button>
    <div
      class="react-daterange-picker react-daterange-picker--closed react-daterange-picker--enabled"
    >
      <div
        class="react-daterange-picker__wrapper"
      >
        <div
          class="react-daterange-picker__inputGroup"
        >
          <input
            aria-label="Date Range"
            max="275760-09-13"
            min="0001-01-01"
            name="daterange_from"
            style="visibility: hidden; position: absolute; z-index: -999;"
            type="date"
            value=""
          />
          <input
            autocomplete="off"
            class="react-daterange-picker__inputGroup__input react-daterange-picker__inputGroup__year"
            data-input="true"
            inputmode="numeric"
            max="275760"
            min="1"
            name="year"
            placeholder="----"
            step="1"
            style="width: 16px;"
            type="number"
            value=""
          />
          <span
            class="react-date-picker__inputGroup__divider"
          >
            /
          </span>
          <input
            aria-label="Month"
            autocomplete="off"
            class="react-daterange-picker__inputGroup__input react-daterange-picker__inputGroup__month"
            data-input="true"
            inputmode="numeric"
            max="12"
            min="1"
            name="month"
            placeholder="--"
            style="width: 8px;"
            type="number"
            value=""
          />
          <span
            class="react-date-picker__inputGroup__divider"
          >
            /
          </span>
          <input
            aria-label="Day"
            autocomplete="off"
            class="react-daterange-picker__inputGroup__input react-daterange-picker__inputGroup__day"
            data-input="true"
            inputmode="numeric"
            max="31"
            min="1"
            name="day"
            placeholder="--"
            style="width: 8px;"
            type="number"
            value=""
          />
        </div>
        <span
          class="react-daterange-picker__range-divider"
        >
          –
        </span>
        <div
          class="react-daterange-picker__inputGroup"
        >
          <input
            aria-label="Date Range"
            max="275760-09-13"
            min="0001-01-01"
            name="daterange_to"
            style="visibility: hidden; position: absolute; z-index: -999;"
            type="date"
            value=""
          />
          <input
            autocomplete="off"
            class="react-daterange-picker__inputGroup__input react-daterange-picker__inputGroup__year"
            data-input="true"
            inputmode="numeric"
            max="275760"
            min="1"
            name="year"
            placeholder="----"
            step="1"
            style="width: 16px;"
            type="number"
            value=""
          />
          <span
            class="react-date-picker__inputGroup__divider"
          >
            /
          </span>
          <input
            aria-label="Month"
            autocomplete="off"
            class="react-daterange-picker__inputGroup__input react-daterange-picker__inputGroup__month"
            data-input="true"
            inputmode="numeric"
            max="12"
            min="1"
            name="month"
            placeholder="--"
            style="width: 8px;"
            type="number"
            value=""
          />
          <span
            class="react-date-picker__inputGroup__divider"
          >
            /
          </span>
          <input
            aria-label="Day"
            autocomplete="off"
            class="react-daterange-picker__inputGroup__input react-daterange-picker__inputGroup__day"
            data-input="true"
            inputmode="numeric"
            max="31"
            min="1"
            name="day"
            placeholder="--"
            style="width: 8px;"
            type="number"
            value=""
          />
        </div>
        <button
          aria-label="Clear value"
          class="react-daterange-picker__clear-button react-daterange-picker__button"
          type="button"
        >
          <svg
            class="react-daterange-picker__clear-button__icon react-daterange-picker__button__icon"
            height="19"
            stroke="black"
            stroke-width="2"
            viewBox="0 0 19 19"
            width="19"
            xmlns="http://www.w3.org/2000/svg"
          >
            <line
              x1="4"
              x2="15"
              y1="4"
              y2="15"
            />
            <line
              x1="15"
              x2="4"
              y1="4"
              y2="15"
            />
          </svg>
        </button>
        <button
          aria-label="Toggle calendar"
          class="react-daterange-picker__calendar-button react-daterange-picker__button"
          type="button"
        >
          <svg
            class="react-daterange-picker__calendar-button__icon react-daterange-picker__button__icon"
            height="19"
            stroke="black"
            stroke-width="2"
            viewBox="0 0 19 19"
            width="19"
            xmlns="http://www.w3.org/2000/svg"
          >
            <rect
              fill="none"
              height="15"
              width="15"
              x="2"
              y="2"
            />
            <line
              x1="6"
              x2="6"
              y1="0"
              y2="4"
            />
            <line
              x1="13"
              x2="13"
              y1="0"
              y2="4"
            />
          </svg>
        </button>
      </div>
    </div>
  </div>
  <div>
    <h4>
      Expenses:
    </h4>
    <h5>
      3 expenses shown, totalling $390.00
    </h5>
    <div>
      a test details - $130.00 on 2022/08/03T00:00
      <span>
         
      </span>
      <button>
        edit
      </button>
    </div>
    <div>
      b test description details - $140.00 on 2022/08/01T00:00
      <span>
         
      </span>
      <button>
        edit
      </button>
    </div>
    <div>
      c test details - $120.00 on 2022/08/05T00:00
      <span>
         
      </span>
      <button>
        edit
      </button>
    </div>
  </div>
</DocumentFragment>
`;

exports[`Filtering, Sorting etc Description Descending 1`] = `
<DocumentFragment>
  <div>
    <input
      type="text"
      value=""
    />
    <select
      data-testid="select"
    >
      <option
        data-testid="select-option"
        value="date"
      >
        Date
      </option>
      <option
        data-testid="select-option"
        value="amount"
      >
        Amount
      </option>
      <option
        data-testid="select-option"
        value="description"
      >
        Description
      </option>
    </select>
    <button>
      Descending
    </button>
    <div
      class="react-daterange-picker react-daterange-picker--closed react-daterange-picker--enabled"
    >
      <div
        class="react-daterange-picker__wrapper"
      >
        <div
          class="react-daterange-picker__inputGroup"
        >
          <input
            aria-label="Date Range"
            max="275760-09-13"
            min="0001-01-01"
            name="daterange_from"
            style="visibility: hidden; position: absolute; z-index: -999;"
            type="date"
            value=""
          />
          <input
            autocomplete="off"
            class="react-daterange-picker__inputGroup__input react-daterange-picker__inputGroup__year"
            data-input="true"
            inputmode="numeric"
            max="275760"
            min="1"
            name="year"
            placeholder="----"
            step="1"
            style="width: 16px;"
            type="number"
            value=""
          />
          <span
            class="react-date-picker__inputGroup__divider"
          >
            /
          </span>
          <input
            aria-label="Month"
            autocomplete="off"
            class="react-daterange-picker__inputGroup__input react-daterange-picker__inputGroup__month"
            data-input="true"
            inputmode="numeric"
            max="12"
            min="1"
            name="month"
            placeholder="--"
            style="width: 8px;"
            type="number"
            value=""
          />
          <span
            class="react-date-picker__inputGroup__divider"
          >
            /
          </span>
          <input
            aria-label="Day"
            autocomplete="off"
            class="react-daterange-picker__inputGroup__input react-daterange-picker__inputGroup__day"
            data-input="true"
            inputmode="numeric"
            max="31"
            min="1"
            name="day"
            placeholder="--"
            style="width: 8px;"
            type="number"
            value=""
          />
        </div>
        <span
          class="react-daterange-picker__range-divider"
        >
          –
        </span>
        <div
          class="react-daterange-picker__inputGroup"
        >
          <input
            aria-label="Date Range"
            max="275760-09-13"
            min="0001-01-01"
            name="daterange_to"
            style="visibility: hidden; position: absolute; z-index: -999;"
            type="date"
            value=""
          />
          <input
            autocomplete="off"
            class="react-daterange-picker__inputGroup__input react-daterange-picker__inputGroup__year"
            data-input="true"
            inputmode="numeric"
            max="275760"
            min="1"
            name="year"
            placeholder="----"
            step="1"
            style="width: 16px;"
            type="number"
            value=""
          />
          <span
            class="react-date-picker__inputGroup__divider"
          >
            /
          </span>
          <input
            aria-label="Month"
            autocomplete="off"
            class="react-daterange-picker__inputGroup__input react-daterange-picker__inputGroup__month"
            data-input="true"
            inputmode="numeric"
            max="12"
            min="1"
            name="month"
            placeholder="--"
            style="width: 8px;"
            type="number"
            value=""
          />
          <span
            class="react-date-picker__inputGroup__divider"
          >
            /
          </span>
          <input
            aria-label="Day"
            autocomplete="off"
            class="react-daterange-picker__inputGroup__input react-daterange-picker__inputGroup__day"
            data-input="true"
            inputmode="numeric"
            max="31"
            min="1"
            name="day"
            placeholder="--"
            style="width: 8px;"
            type="number"
            value=""
          />
        </div>
        <button
          aria-label="Clear value"
          class="react-daterange-picker__clear-button react-daterange-picker__button"
          type="button"
        >
          <svg
            class="react-daterange-picker__clear-button__icon react-daterange-picker__button__icon"
            height="19"
            stroke="black"
            stroke-width="2"
            viewBox="0 0 19 19"
            width="19"
            xmlns="http://www.w3.org/2000/svg"
          >
            <line
              x1="4"
              x2="15"
              y1="4"
              y2="15"
            />
            <line
              x1="15"
              x2="4"
              y1="4"
              y2="15"
            />
          </svg>
        </button>
        <button
          aria-label="Toggle calendar"
          class="react-daterange-picker__calendar-button react-daterange-picker__button"
          type="button"
        >
          <svg
            class="react-daterange-picker__calendar-button__icon react-daterange-picker__button__icon"
            height="19"
            stroke="black"
            stroke-width="2"
            viewBox="0 0 19 19"
            width="19"
            xmlns="http://www.w3.org/2000/svg"
          >
            <rect
              fill="none"
              height="15"
              width="15"
              x="2"
              y="2"
            />
            <line
              x1="6"
              x2="6"
              y1="0"
              y2="4"
            />
            <line
              x1="13"
              x2="13"
              y1="0"
              y2="4"
            />
          </svg>
        </button>
      </div>
    </div>
  </div>
  <div>
    <h4>
      Expenses:
    </h4>
    <h5>
      3 expenses shown, totalling $390.00
    </h5>
    <div>
      c test details - $120.00 on 2022/08/05T00:00
      <span>
         
      </span>
      <button>
        edit
      </button>
    </div>
    <div>
      b test description details - $140.00 on 2022/08/01T00:00
      <span>
         
      </span>
      <button>
        edit
      </button>
    </div>
    <div>
      a test details - $130.00 on 2022/08/03T00:00
      <span>
         
      </span>
      <button>
        edit
      </button>
    </div>
  </div>
</DocumentFragment>
`;

exports[`Render Expense List 1`] = `
<DocumentFragment>
  <div>
    <h4>
      Expenses:
    </h4>
    <h5>
      3 expenses shown, totalling $390.00
    </h5>
    <div>
      c test details - $120.00 on 2022/08/05T00:00
      <span>
         
      </span>
      <button>
        edit
      </button>
    </div>
    <div>
      a test details - $130.00 on 2022/08/03T00:00
      <span>
         
      </span>
      <button>
        edit
      </button>
    </div>
    <div>
      b test description details - $140.00 on 2022/08/01T00:00
      <span>
         
      </span>
      <button>
        edit
      </button>
    </div>
  </div>
</DocumentFragment>
`;

exports[`Render Expense List with No items 1`] = `
<DocumentFragment>
  <div>
    <h4>
      Expenses:
    </h4>
    <h5>
      0 expenses shown, totalling $0.00
    </h5>
    <p>
      No expenses
    </p>
  </div>
</DocumentFragment>
`;
