// Jest Snapshot v1, https://goo.gl/fbAQLP

exports[`Test expense list 1`] = `
<DocumentFragment>
  <div>
    <div
      class="page-header"
    >
      <div
        class="content-container"
      >
        <h1
          class="page-header__title"
        >
          <span>
            3
          </span>
           expenses, totalling 
          <span>
            $390.00
          </span>
        </h1>
        <div
          class="page-header__actions"
        >
          <a
            class="button"
            href="/app/create"
          >
            Add Expense
          </a>
        </div>
      </div>
    </div>
    <div
      class="content-container"
    >
      <div
        class="input-group"
      >
        <div
          class="input-group__item"
        >
          <input
            class="text-input text-input--filter"
            placeholder="Search"
            type="text"
            value=""
          />
        </div>
        <div
          class="input-group__item"
        >
          <div
            class="react-daterange-picker react-daterange-picker--closed react-daterange-picker--enabled text-input text-input--filter"
            style="position: relative;"
          >
            <div
              class="react-daterange-picker__wrapper"
            >
              <div
                class="react-daterange-picker__inputGroup"
              >
                <input
                  aria-label="Date Range"
                  max="275760-09-13"
                  min="0001-01-01"
                  name="daterange_from"
                  style="visibility: hidden; position: absolute; z-index: -999;"
                  type="date"
                  value=""
                />
                <input
                  autocomplete="off"
                  class="react-daterange-picker__inputGroup__input react-daterange-picker__inputGroup__year"
                  data-input="true"
                  inputmode="numeric"
                  max="275760"
                  min="1"
                  name="year"
                  placeholder="----"
                  step="1"
                  style="width: 16px;"
                  type="number"
                  value=""
                />
                <span
                  class="react-date-picker__inputGroup__divider"
                >
                  /
                </span>
                <input
                  aria-label="Month"
                  autocomplete="off"
                  class="react-daterange-picker__inputGroup__input react-daterange-picker__inputGroup__month"
                  data-input="true"
                  inputmode="numeric"
                  max="12"
                  min="1"
                  name="month"
                  placeholder="--"
                  style="width: 8px;"
                  type="number"
                  value=""
                />
                <span
                  class="react-date-picker__inputGroup__divider"
                >
                  /
                </span>
                <input
                  aria-label="Day"
                  autocomplete="off"
                  class="react-daterange-picker__inputGroup__input react-daterange-picker__inputGroup__day"
                  data-input="true"
                  inputmode="numeric"
                  max="31"
                  min="1"
                  name="day"
                  placeholder="--"
                  style="width: 8px;"
                  type="number"
                  value=""
                />
              </div>
              <span
                class="react-daterange-picker__range-divider"
              >
                –
              </span>
              <div
                class="react-daterange-picker__inputGroup"
              >
                <input
                  aria-label="Date Range"
                  max="275760-09-13"
                  min="0001-01-01"
                  name="daterange_to"
                  style="visibility: hidden; position: absolute; z-index: -999;"
                  type="date"
                  value=""
                />
                <input
                  autocomplete="off"
                  class="react-daterange-picker__inputGroup__input react-daterange-picker__inputGroup__year"
                  data-input="true"
                  inputmode="numeric"
                  max="275760"
                  min="1"
                  name="year"
                  placeholder="----"
                  step="1"
                  style="width: 16px;"
                  type="number"
                  value=""
                />
                <span
                  class="react-date-picker__inputGroup__divider"
                >
                  /
                </span>
                <input
                  aria-label="Month"
                  autocomplete="off"
                  class="react-daterange-picker__inputGroup__input react-daterange-picker__inputGroup__month"
                  data-input="true"
                  inputmode="numeric"
                  max="12"
                  min="1"
                  name="month"
                  placeholder="--"
                  style="width: 8px;"
                  type="number"
                  value=""
                />
                <span
                  class="react-date-picker__inputGroup__divider"
                >
                  /
                </span>
                <input
                  aria-label="Day"
                  autocomplete="off"
                  class="react-daterange-picker__inputGroup__input react-daterange-picker__inputGroup__day"
                  data-input="true"
                  inputmode="numeric"
                  max="31"
                  min="1"
                  name="day"
                  placeholder="--"
                  style="width: 8px;"
                  type="number"
                  value=""
                />
              </div>
              <button
                aria-label="Clear value"
                class="react-daterange-picker__clear-button react-daterange-picker__button"
                type="button"
              >
                <svg
                  class="react-daterange-picker__clear-button__icon react-daterange-picker__button__icon"
                  height="19"
                  stroke="black"
                  stroke-width="2"
                  viewBox="0 0 19 19"
                  width="19"
                  xmlns="http://www.w3.org/2000/svg"
                >
                  <line
                    x1="4"
                    x2="15"
                    y1="4"
                    y2="15"
                  />
                  <line
                    x1="15"
                    x2="4"
                    y1="4"
                    y2="15"
                  />
                </svg>
              </button>
              <button
                aria-label="Toggle calendar"
                class="react-daterange-picker__calendar-button react-daterange-picker__button"
                type="button"
              >
                <svg
                  class="react-daterange-picker__calendar-button__icon react-daterange-picker__button__icon"
                  height="19"
                  stroke="black"
                  stroke-width="2"
                  viewBox="0 0 19 19"
                  width="19"
                  xmlns="http://www.w3.org/2000/svg"
                >
                  <rect
                    fill="none"
                    height="15"
                    width="15"
                    x="2"
                    y="2"
                  />
                  <line
                    x1="6"
                    x2="6"
                    y1="0"
                    y2="4"
                  />
                  <line
                    x1="13"
                    x2="13"
                    y1="0"
                    y2="4"
                  />
                </svg>
              </button>
            </div>
            <div
              class="react-daterange-picker__calendar react-daterange-picker__calendar--closed"
              style="position: absolute; height: 0px; top: 100%; width: 0px; left: 0px;"
            >
              <div
                class="react-calendar"
              >
                <div
                  class="react-calendar__navigation"
                >
                  <button
                    aria-label=""
                    class="react-calendar__navigation__arrow react-calendar__navigation__prev2-button"
                    type="button"
                  >
                    «
                  </button>
                  <button
                    aria-label=""
                    class="react-calendar__navigation__arrow react-calendar__navigation__prev-button"
                    type="button"
                  >
                    ‹
                  </button>
                  <button
                    aria-label=""
                    class="react-calendar__navigation__label"
                    style="flex-grow: 1;"
                    type="button"
                  >
                    <span
                      class="react-calendar__navigation__label__labelText react-calendar__navigation__label__labelText--from"
                    >
                      September 2022
                    </span>
                  </button>
                  <button
                    aria-label=""
                    class="react-calendar__navigation__arrow react-calendar__navigation__next-button"
                    type="button"
                  >
                    ›
                  </button>
                  <button
                    aria-label=""
                    class="react-calendar__navigation__arrow react-calendar__navigation__next2-button"
                    type="button"
                  >
                    »
                  </button>
                </div>
                <div
                  class="react-calendar__viewContainer"
                >
                  <div
                    class="react-calendar__month-view "
                  >
                    <div
                      style="display: flex; align-items: flex-end;"
                    >
                      <div
                        style="flex-grow: 1; width: 100%;"
                      >
                        <div
                          class="react-calendar__month-view__weekdays"
                          style="display: flex; flex-wrap: no-wrap;"
                        >
                          <div
                            class="react-calendar__month-view__weekdays__weekday"
                            style="flex-basis: 14.285714285714286%; flex-shrink: 0; flex-grow: 0; overflow: hidden;"
                          >
                            <abbr
                              aria-label="Monday"
                              title="Monday"
                            >
                              Mon
                            </abbr>
                          </div>
                          <div
                            class="react-calendar__month-view__weekdays__weekday"
                            style="flex-basis: 14.285714285714286%; flex-shrink: 0; flex-grow: 0; overflow: hidden;"
                          >
                            <abbr
                              aria-label="Tuesday"
                              title="Tuesday"
                            >
                              Tue
                            </abbr>
                          </div>
                          <div
                            class="react-calendar__month-view__weekdays__weekday"
                            style="flex-basis: 14.285714285714286%; flex-shrink: 0; flex-grow: 0; overflow: hidden;"
                          >
                            <abbr
                              aria-label="Wednesday"
                              title="Wednesday"
                            >
                              Wed
                            </abbr>
                          </div>
                          <div
                            class="react-calendar__month-view__weekdays__weekday"
                            style="flex-basis: 14.285714285714286%; flex-shrink: 0; flex-grow: 0; overflow: hidden;"
                          >
                            <abbr
                              aria-label="Thursday"
                              title="Thursday"
                            >
                              Thu
                            </abbr>
                          </div>
                          <div
                            class="react-calendar__month-view__weekdays__weekday"
                            style="flex-basis: 14.285714285714286%; flex-shrink: 0; flex-grow: 0; overflow: hidden;"
                          >
                            <abbr
                              aria-label="Friday"
                              title="Friday"
                            >
                              Fri
                            </abbr>
                          </div>
                          <div
                            class="react-calendar__month-view__weekdays__weekday react-calendar__month-view__weekdays__weekday--weekend"
                            style="flex-basis: 14.285714285714286%; flex-shrink: 0; flex-grow: 0; overflow: hidden;"
                          >
                            <abbr
                              aria-label="Saturday"
                              title="Saturday"
                            >
                              Sat
                            </abbr>
                          </div>
                          <div
                            class="react-calendar__month-view__weekdays__weekday react-calendar__month-view__weekdays__weekday--weekend"
                            style="flex-basis: 14.285714285714286%; flex-shrink: 0; flex-grow: 0; overflow: hidden;"
                          >
                            <abbr
                              aria-label="Sunday"
                              title="Sunday"
                            >
                              Sun
                            </abbr>
                          </div>
                        </div>
                        <div
                          class="react-calendar__month-view__days"
                          style="display: flex; flex-wrap: wrap;"
                        >
                          <button
                            class="react-calendar__tile react-calendar__month-view__days__day react-calendar__month-view__days__day--neighboringMonth"
                            style="flex-basis: 14.285714285714286%; flex-shrink: 0; flex-grow: 0; overflow: hidden;"
                            type="button"
                          >
                            <abbr
                              aria-label="August 29, 2022"
                            >
                              29
                            </abbr>
                          </button>
                          <button
                            class="react-calendar__tile react-calendar__month-view__days__day react-calendar__month-view__days__day--neighboringMonth"
                            style="flex-basis: 14.285714285714286%; flex-shrink: 0; flex-grow: 0; overflow: hidden;"
                            type="button"
                          >
                            <abbr
                              aria-label="August 30, 2022"
                            >
                              30
                            </abbr>
                          </button>
                          <button
                            class="react-calendar__tile react-calendar__month-view__days__day react-calendar__month-view__days__day--neighboringMonth"
                            style="flex-basis: 14.285714285714286%; flex-shrink: 0; flex-grow: 0; overflow: hidden;"
                            type="button"
                          >
                            <abbr
                              aria-label="August 31, 2022"
                            >
                              31
                            </abbr>
                          </button>
                          <button
                            class="react-calendar__tile react-calendar__month-view__days__day"
                            style="flex-basis: 14.285714285714286%; flex-shrink: 0; flex-grow: 0; overflow: hidden;"
                            type="button"
                          >
                            <abbr
                              aria-label="September 1, 2022"
                            >
                              1
                            </abbr>
                          </button>
                          <button
                            class="react-calendar__tile react-calendar__month-view__days__day"
                            style="flex-basis: 14.285714285714286%; flex-shrink: 0; flex-grow: 0; overflow: hidden;"
                            type="button"
                          >
                            <abbr
                              aria-label="September 2, 2022"
                            >
                              2
                            </abbr>
                          </button>
                          <button
                            class="react-calendar__tile react-calendar__month-view__days__day react-calendar__month-view__days__day--weekend"
                            style="flex-basis: 14.285714285714286%; flex-shrink: 0; flex-grow: 0; overflow: hidden;"
                            type="button"
                          >
                            <abbr
                              aria-label="September 3, 2022"
                            >
                              3
                            </abbr>
                          </button>
                          <button
                            class="react-calendar__tile react-calendar__month-view__days__day react-calendar__month-view__days__day--weekend"
                            style="flex-basis: 14.285714285714286%; flex-shrink: 0; flex-grow: 0; overflow: hidden;"
                            type="button"
                          >
                            <abbr
                              aria-label="September 4, 2022"
                            >
                              4
                            </abbr>
                          </button>
                          <button
                            class="react-calendar__tile react-calendar__month-view__days__day"
                            style="flex-basis: 14.285714285714286%; flex-shrink: 0; flex-grow: 0; overflow: hidden;"
                            type="button"
                          >
                            <abbr
                              aria-label="September 5, 2022"
                            >
                              5
                            </abbr>
                          </button>
                          <button
                            class="react-calendar__tile react-calendar__month-view__days__day"
                            style="flex-basis: 14.285714285714286%; flex-shrink: 0; flex-grow: 0; overflow: hidden;"
                            type="button"
                          >
                            <abbr
                              aria-label="September 6, 2022"
                            >
                              6
                            </abbr>
                          </button>
                          <button
                            class="react-calendar__tile react-calendar__month-view__days__day"
                            style="flex-basis: 14.285714285714286%; flex-shrink: 0; flex-grow: 0; overflow: hidden;"
                            type="button"
                          >
                            <abbr
                              aria-label="September 7, 2022"
                            >
                              7
                            </abbr>
                          </button>
                          <button
                            class="react-calendar__tile react-calendar__month-view__days__day"
                            style="flex-basis: 14.285714285714286%; flex-shrink: 0; flex-grow: 0; overflow: hidden;"
                            type="button"
                          >
                            <abbr
                              aria-label="September 8, 2022"
                            >
                              8
                            </abbr>
                          </button>
                          <button
                            class="react-calendar__tile react-calendar__month-view__days__day"
                            style="flex-basis: 14.285714285714286%; flex-shrink: 0; flex-grow: 0; overflow: hidden;"
                            type="button"
                          >
                            <abbr
                              aria-label="September 9, 2022"
                            >
                              9
                            </abbr>
                          </button>
                          <button
                            class="react-calendar__tile react-calendar__month-view__days__day react-calendar__month-view__days__day--weekend"
                            style="flex-basis: 14.285714285714286%; flex-shrink: 0; flex-grow: 0; overflow: hidden;"
                            type="button"
                          >
                            <abbr
                              aria-label="September 10, 2022"
                            >
                              10
                            </abbr>
                          </button>
                          <button
                            class="react-calendar__tile react-calendar__month-view__days__day react-calendar__month-view__days__day--weekend"
                            style="flex-basis: 14.285714285714286%; flex-shrink: 0; flex-grow: 0; overflow: hidden;"
                            type="button"
                          >
                            <abbr
                              aria-label="September 11, 2022"
                            >
                              11
                            </abbr>
                          </button>
                          <button
                            class="react-calendar__tile react-calendar__month-view__days__day"
                            style="flex-basis: 14.285714285714286%; flex-shrink: 0; flex-grow: 0; overflow: hidden;"
                            type="button"
                          >
                            <abbr
                              aria-label="September 12, 2022"
                            >
                              12
                            </abbr>
                          </button>
                          <button
                            class="react-calendar__tile react-calendar__month-view__days__day"
                            style="flex-basis: 14.285714285714286%; flex-shrink: 0; flex-grow: 0; overflow: hidden;"
                            type="button"
                          >
                            <abbr
                              aria-label="September 13, 2022"
                            >
                              13
                            </abbr>
                          </button>
                          <button
                            class="react-calendar__tile react-calendar__month-view__days__day"
                            style="flex-basis: 14.285714285714286%; flex-shrink: 0; flex-grow: 0; overflow: hidden;"
                            type="button"
                          >
                            <abbr
                              aria-label="September 14, 2022"
                            >
                              14
                            </abbr>
                          </button>
                          <button
                            class="react-calendar__tile react-calendar__month-view__days__day"
                            style="flex-basis: 14.285714285714286%; flex-shrink: 0; flex-grow: 0; overflow: hidden;"
                            type="button"
                          >
                            <abbr
                              aria-label="September 15, 2022"
                            >
                              15
                            </abbr>
                          </button>
                          <button
                            class="react-calendar__tile react-calendar__month-view__days__day"
                            style="flex-basis: 14.285714285714286%; flex-shrink: 0; flex-grow: 0; overflow: hidden;"
                            type="button"
                          >
                            <abbr
                              aria-label="September 16, 2022"
                            >
                              16
                            </abbr>
                          </button>
                          <button
                            class="react-calendar__tile react-calendar__month-view__days__day react-calendar__month-view__days__day--weekend"
                            style="flex-basis: 14.285714285714286%; flex-shrink: 0; flex-grow: 0; overflow: hidden;"
                            type="button"
                          >
                            <abbr
                              aria-label="September 17, 2022"
                            >
                              17
                            </abbr>
                          </button>
                          <button
                            class="react-calendar__tile react-calendar__month-view__days__day react-calendar__month-view__days__day--weekend"
                            style="flex-basis: 14.285714285714286%; flex-shrink: 0; flex-grow: 0; overflow: hidden;"
                            type="button"
                          >
                            <abbr
                              aria-label="September 18, 2022"
                            >
                              18
                            </abbr>
                          </button>
                          <button
                            class="react-calendar__tile react-calendar__month-view__days__day"
                            style="flex-basis: 14.285714285714286%; flex-shrink: 0; flex-grow: 0; overflow: hidden;"
                            type="button"
                          >
                            <abbr
                              aria-label="September 19, 2022"
                            >
                              19
                            </abbr>
                          </button>
                          <button
                            class="react-calendar__tile react-calendar__month-view__days__day"
                            style="flex-basis: 14.285714285714286%; flex-shrink: 0; flex-grow: 0; overflow: hidden;"
                            type="button"
                          >
                            <abbr
                              aria-label="September 20, 2022"
                            >
                              20
                            </abbr>
                          </button>
                          <button
                            class="react-calendar__tile react-calendar__month-view__days__day"
                            style="flex-basis: 14.285714285714286%; flex-shrink: 0; flex-grow: 0; overflow: hidden;"
                            type="button"
                          >
                            <abbr
                              aria-label="September 21, 2022"
                            >
                              21
                            </abbr>
                          </button>
                          <button
                            class="react-calendar__tile react-calendar__month-view__days__day"
                            style="flex-basis: 14.285714285714286%; flex-shrink: 0; flex-grow: 0; overflow: hidden;"
                            type="button"
                          >
                            <abbr
                              aria-label="September 22, 2022"
                            >
                              22
                            </abbr>
                          </button>
                          <button
                            class="react-calendar__tile react-calendar__month-view__days__day"
                            style="flex-basis: 14.285714285714286%; flex-shrink: 0; flex-grow: 0; overflow: hidden;"
                            type="button"
                          >
                            <abbr
                              aria-label="September 23, 2022"
                            >
                              23
                            </abbr>
                          </button>
                          <button
                            class="react-calendar__tile react-calendar__month-view__days__day react-calendar__month-view__days__day--weekend"
                            style="flex-basis: 14.285714285714286%; flex-shrink: 0; flex-grow: 0; overflow: hidden;"
                            type="button"
                          >
                            <abbr
                              aria-label="September 24, 2022"
                            >
                              24
                            </abbr>
                          </button>
                          <button
                            class="react-calendar__tile react-calendar__month-view__days__day react-calendar__month-view__days__day--weekend"
                            style="flex-basis: 14.285714285714286%; flex-shrink: 0; flex-grow: 0; overflow: hidden;"
                            type="button"
                          >
                            <abbr
                              aria-label="September 25, 2022"
                            >
                              25
                            </abbr>
                          </button>
                          <button
                            class="react-calendar__tile react-calendar__tile--now react-calendar__month-view__days__day"
                            style="flex-basis: 14.285714285714286%; flex-shrink: 0; flex-grow: 0; overflow: hidden;"
                            type="button"
                          >
                            <abbr
                              aria-label="September 26, 2022"
                            >
                              26
                            </abbr>
                          </button>
                          <button
                            class="react-calendar__tile react-calendar__month-view__days__day"
                            style="flex-basis: 14.285714285714286%; flex-shrink: 0; flex-grow: 0; overflow: hidden;"
                            type="button"
                          >
                            <abbr
                              aria-label="September 27, 2022"
                            >
                              27
                            </abbr>
                          </button>
                          <button
                            class="react-calendar__tile react-calendar__month-view__days__day"
                            style="flex-basis: 14.285714285714286%; flex-shrink: 0; flex-grow: 0; overflow: hidden;"
                            type="button"
                          >
                            <abbr
                              aria-label="September 28, 2022"
                            >
                              28
                            </abbr>
                          </button>
                          <button
                            class="react-calendar__tile react-calendar__month-view__days__day"
                            style="flex-basis: 14.285714285714286%; flex-shrink: 0; flex-grow: 0; overflow: hidden;"
                            type="button"
                          >
                            <abbr
                              aria-label="September 29, 2022"
                            >
                              29
                            </abbr>
                          </button>
                          <button
                            class="react-calendar__tile react-calendar__month-view__days__day"
                            style="flex-basis: 14.285714285714286%; flex-shrink: 0; flex-grow: 0; overflow: hidden;"
                            type="button"
                          >
                            <abbr
                              aria-label="September 30, 2022"
                            >
                              30
                            </abbr>
                          </button>
                          <button
                            class="react-calendar__tile react-calendar__month-view__days__day react-calendar__month-view__days__day--weekend react-calendar__month-view__days__day--neighboringMonth"
                            style="flex-basis: 14.285714285714286%; flex-shrink: 0; flex-grow: 0; overflow: hidden;"
                            type="button"
                          >
                            <abbr
                              aria-label="October 1, 2022"
                            >
                              1
                            </abbr>
                          </button>
                          <button
                            class="react-calendar__tile react-calendar__month-view__days__day react-calendar__month-view__days__day--weekend react-calendar__month-view__days__day--neighboringMonth"
                            style="flex-basis: 14.285714285714286%; flex-shrink: 0; flex-grow: 0; overflow: hidden;"
                            type="button"
                          >
                            <abbr
                              aria-label="October 2, 2022"
                            >
                              2
                            </abbr>
                          </button>
                        </div>
                      </div>
                    </div>
                  </div>
                </div>
              </div>
            </div>
          </div>
        </div>
        <div
          class="input-group__item input-group__hint-container"
        >
          <div
            class="input-group__hint"
          >
            Sort by:
          </div>
        </div>
        <div
          class="input-group__item"
        >
          <select
            class="text-input text-input--select text-input--filter"
            data-testid="select"
          >
            <option
              data-testid="select-option"
              value="date"
            >
              Date
            </option>
            <option
              data-testid="select-option"
              value="amount"
            >
              Amount
            </option>
            <option
              data-testid="select-option"
              value="description"
            >
              Description
            </option>
          </select>
        </div>
        <div
          class="input-group__item"
        >
          <button
            class="text-input text-input--button text-input--filter"
          >
            Descending
          </button>
        </div>
      </div>
    </div>
    <div
      class="content-container "
    >
      <div
        class="expense-list-header"
      >
        <div
          class="expense-list-header-item mobile"
        >
          Expenses
        </div>
        <div
          class="expense-list-header-item desktop"
        >
          Expense
        </div>
        <div
          class="expense-list-header-item desktop"
        >
          Amount
        </div>
      </div>
      <div
        class="expense-list-body"
      >
        <a
          class="expense-list-body-item"
          href="/app/edit/abc125"
        >
          <div>
            <h3
              class="expense-list-body-item__title"
            >
              c test details
            </h3>
            <span
              class="expense-list-body-item__date"
            >
              2022/08/05
            </span>
          </div>
          <div>
            <h3
              class="expense-list-body-item__amount"
            >
              $120.00
            </h3>
          </div>
        </a>
        <a
          class="expense-list-body-item"
          href="/app/edit/abc124"
        >
          <div>
            <h3
              class="expense-list-body-item__title"
            >
              a test details
            </h3>
            <span
              class="expense-list-body-item__date"
            >
              2022/08/03
            </span>
          </div>
          <div>
            <h3
              class="expense-list-body-item__amount"
            >
              $130.00
            </h3>
          </div>
        </a>
        <a
          class="expense-list-body-item"
          href="/app/edit/abc123"
        >
          <div>
            <h3
              class="expense-list-body-item__title"
            >
              b test description details
            </h3>
            <span
              class="expense-list-body-item__date"
            >
              2022/08/01
            </span>
          </div>
          <div>
            <h3
              class="expense-list-body-item__amount"
            >
              $140.00
            </h3>
          </div>
        </a>
      </div>
    </div>
  </div>
</DocumentFragment>
`;
