// Jest Snapshot v1, https://goo.gl/fbAQLP

exports[`Render Header 1`] = `
<DocumentFragment>
  <header
    class="header"
  >
    <div
      class="content-container"
    >
      <div
        class="header__content"
      >
        <a
          class="header__title"
          href="/dashboard"
        >
          <h1>
            Expense Tracker
          </h1>
        </a>
        <button
          class="button button--link"
        >
          Sign out
        </button>
      </div>
    </div>
  </header>
</DocumentFragment>
`;
